
R version 3.4.1 (2017-06-30) -- "Single Candle"
Copyright (C) 2017 The R Foundation for Statistical Computing
Platform: x86_64-pc-linux-gnu (64-bit)

R is free software and comes with ABSOLUTELY NO WARRANTY.
You are welcome to redistribute it under certain conditions.
Type 'license()' or 'licence()' for distribution details.

  Natural language support but running in an English locale

R is a collaborative project with many contributors.
Type 'contributors()' for more information and
'citation()' on how to cite R or R packages in publications.

Type 'demo()' for some demos, 'help()' for on-line help, or
'help.start()' for an HTML browser interface to help.
Type 'q()' to quit R.

[Previously saved workspace restored]

> data = data.frame(
+ x=c(0,0,0, 15,15,15, 30,30,30, 45,45,45, 60,60,60, 75,75,75),
+ y=c(8,6,8, 12,10,14, 25,21,24, 31,33,28, 44,39,42, 48,51,44))
> 
> fit = lm(y~x, data)
> summary(fit)

Call:
lm(formula = y ~ x, data = data)

Residuals:
    Min      1Q  Median      3Q     Max 
-4.3968 -1.6111 -0.0825  2.1389  4.1175 

Coefficients:
            Estimate Std. Error t value Pr(>|t|)    
(Intercept)  5.82540    1.07497   5.419 5.68e-05 ***
x            0.56762    0.02367  23.980 5.73e-14 ***
---
Signif. codes:  0 ‘***’ 0.001 ‘**’ 0.01 ‘*’ 0.05 ‘.’ 0.1 ‘ ’ 1

Residual standard error: 2.573 on 16 degrees of freedom
Multiple R-squared:  0.9729,	Adjusted R-squared:  0.9712 
F-statistic: 575.1 on 1 and 16 DF,  p-value: 5.732e-14

> 
> predict(fit, data.frame(x=c(50)), interval="confidence");
       fit      lwr      upr
1 34.20635 32.77604 35.63666
> 
> predict(fit, data.frame(x=c(50)), interval="predict");
       fit      lwr      upr
1 34.20635 28.56825 39.84445
> 
> plot(fit)
> 
> coef(fit)
(Intercept)           x 
   5.825397    0.567619 
> 
> #################################
> 
> 
> proc.time()
   user  system elapsed 
  0.160   0.004   0.233 
