
R version 3.4.1 (2017-06-30) -- "Single Candle"
Copyright (C) 2017 The R Foundation for Statistical Computing
Platform: x86_64-pc-linux-gnu (64-bit)

R is free software and comes with ABSOLUTELY NO WARRANTY.
You are welcome to redistribute it under certain conditions.
Type 'license()' or 'licence()' for distribution details.

  Natural language support but running in an English locale

R is a collaborative project with many contributors.
Type 'contributors()' for more information and
'citation()' on how to cite R or R packages in publications.

Type 'demo()' for some demos, 'help()' for on-line help, or
'help.start()' for an HTML browser interface to help.
Type 'q()' to quit R.

[Previously saved workspace restored]

> library(car)
Loading required package: carData
> 
> newfood = data.frame(
+ sales=c(225,323,424,268,224,331,254,492,167,226,210,289,204,288,245,161,161,
+ 246,128,154,163,151,180,150),
+ price=c(24,24,24,24,24,24,24,24,29,29,29,29,29,29,29,29,34,34,34,34,34,34,34,34),
+ ad=c(0,0,1,1,0,0,1,1,0,0,1,1,0,0,1,1,0,0,1,1,0,0,1,1),
+ loc=c(0,0,0,0,1,1,1,1,0,0,0,0,1,1,1,1,0,0,0,0,1,1,1,1),
+ income=c(7.3,8.3,6.9,6.5,7.3,8.3,6.9,6.5,6.5,8.4,6.5,6.2,6.5,8.4,6.5,6.2,
+ 7.2,8.1,6.6,6.1,7.2,8.1,6.6,6.1),
+ volume=c(34,41,32,28,34,41,23,37,33,39,30,27,37,43,30,19,32,42,29,24,32,36,29,24),
+ city=c(3,4,1,2,3,4,1,2,3,4,1,2,3,4,1,2,3,4,1,2,3,4,1,2))
> 
> 
> # newfood
> # newfood[1:4,1:6]
> 
> attach(newfood)
> 
> fit = lm(sales ~ ad)
> summary(fit)

Call:
lm(formula = sales ~ ad)

Residuals:
    Min      1Q  Median      3Q     Max 
-118.25  -65.12   -1.50   27.00  245.75 

Coefficients:
            Estimate Std. Error t value Pr(>|t|)    
(Intercept)   225.75      26.22   8.609 1.71e-08 ***
ad             20.50      37.09   0.553    0.586    
---
Signif. codes:  0 ‘***’ 0.001 ‘**’ 0.01 ‘*’ 0.05 ‘.’ 0.1 ‘ ’ 1

Residual standard error: 90.84 on 22 degrees of freedom
Multiple R-squared:  0.0137,	Adjusted R-squared:  -0.03113 
F-statistic: 0.3056 on 1 and 22 DF,  p-value: 0.586

> # abline(fit)
> plot(fit)
hat values (leverages) are all = 0.08333333
 and there are no factor predictors; no plot no. 5
> 
> 
> deviance(lm(sales~1, newfood))
[1] 184066
> deviance(lm(sales~ad, newfood))
[1] 181544.5
> deviance(lm(sales~ad+volume, newfood))
[1] 87246.89
> deviance(lm(sales~volume, newfood))
[1] 155637.6
> deviance(lm(sales~price+ad+loc+volume+income, newfood))
[1] 34519.86
> 
> fit2 = lm(sales ~ volume+price+ad+loc+income)
> anova(fit2)
Analysis of Variance Table

Response: sales
          Df Sum Sq Mean Sq F value    Pr(>F)    
volume     1  28428   28428 14.8237 0.0011727 ** 
price      1  76364   76364 39.8193 6.008e-06 ***
ad         1  44231   44231 23.0638 0.0001426 ***
loc        1    361     361  0.1881 0.6696730    
income     1    162     162  0.0843 0.7748127    
Residuals 18  34520    1918                      
---
Signif. codes:  0 ‘***’ 0.001 ‘**’ 0.01 ‘*’ 0.05 ‘.’ 0.1 ‘ ’ 1
> fit22 = lm(sales ~ price+ad+loc+volume+income)
> anova(fit22)
Analysis of Variance Table

Response: sales
          Df Sum Sq Mean Sq F value    Pr(>F)    
price      1  91204   91204 47.5573 1.896e-06 ***
ad         1   2521    2521  1.3148    0.2665    
loc        1     20      20  0.0105    0.9195    
volume     1  55639   55639 29.0122 4.055e-05 ***
income     1    162     162  0.0843    0.7748    
Residuals 18  34520    1918                      
---
Signif. codes:  0 ‘***’ 0.001 ‘**’ 0.01 ‘*’ 0.05 ‘.’ 0.1 ‘ ’ 1
> 
> drop1(fit2)
Single term deletions

Model:
sales ~ volume + price + ad + loc + income
       Df Sum of Sq   RSS    AIC
<none>              34520 186.51
volume  1     41605 76125 203.49
price   1     52210 86730 206.62
ad      1     36501 71021 201.82
loc     1       380 34900 184.77
income  1       162 34682 184.62
> summary(fit2)

Call:
lm(formula = sales ~ volume + price + ad + loc + income)

Residuals:
    Min      1Q  Median      3Q     Max 
-70.475 -27.405  -3.733  17.992  71.757 

Coefficients:
            Estimate Std. Error t value Pr(>|t|)    
(Intercept)  157.810    162.027   0.974 0.342980    
volume        12.291      2.639   4.658 0.000196 ***
price        -11.872      2.275  -5.218 5.81e-05 ***
ad           128.107     29.364   4.363 0.000375 ***
loc            7.979     17.927   0.445 0.661565    
income        -6.095     20.988  -0.290 0.774813    
---
Signif. codes:  0 ‘***’ 0.001 ‘**’ 0.01 ‘*’ 0.05 ‘.’ 0.1 ‘ ’ 1

Residual standard error: 43.79 on 18 degrees of freedom
Multiple R-squared:  0.8125,	Adjusted R-squared:  0.7604 
F-statistic:  15.6 on 5 and 18 DF,  p-value: 5.366e-06

> vif(fit2)
  volume    price       ad      loc   income 
3.447143 1.079882 2.697664 1.005447 3.367158 
> 
> fit3 = lm(price ~ ad+loc+volume+income)
> summary(fit3)

Call:
lm(formula = price ~ ad + loc + volume + income)

Residuals:
    Min      1Q  Median      3Q     Max 
-5.8935 -3.7421  0.0706  3.7764  6.2954 

Coefficients:
            Estimate Std. Error t value Pr(>|t|)   
(Intercept)  41.1799    13.3276   3.090  0.00603 **
ad           -2.6724     2.8964  -0.923  0.36776   
loc          -0.1114     1.8073  -0.062  0.95150   
volume       -0.2228     0.2611  -0.853  0.40422   
income       -0.5086     2.1128  -0.241  0.81235   
---
Signif. codes:  0 ‘***’ 0.001 ‘**’ 0.01 ‘*’ 0.05 ‘.’ 0.1 ‘ ’ 1

Residual standard error: 4.415 on 19 degrees of freedom
Multiple R-squared:  0.07397,	Adjusted R-squared:  -0.121 
F-statistic: 0.3794 on 4 and 19 DF,  p-value: 0.8205

> 
> coef(fit3)
(Intercept)          ad         loc      volume      income 
 41.1799266  -2.6724135  -0.1113777  -0.2227555  -0.5085963 
> 
> cor(newfood)
              sales      price         ad         loc     income      volume
sales   1.000000000 -0.7039149  0.1170423  0.01046719  0.1857936  0.39299715
price  -0.703914896  1.0000000  0.0000000  0.00000000 -0.1305879 -0.17850621
ad      0.117042260  0.0000000  1.0000000  0.00000000 -0.7463722 -0.74199852
loc     0.010467194  0.0000000  0.0000000  1.00000000  0.0000000 -0.03974992
income  0.185793603 -0.1305879 -0.7463722  0.00000000  1.0000000  0.80867129
volume  0.392997149 -0.1785062 -0.7419985 -0.03974992  0.8086713  1.00000000
city    0.000425552  0.0000000 -0.8944272  0.00000000  0.7915539  0.74069604
               city
sales   0.000425552
price   0.000000000
ad     -0.894427191
loc     0.000000000
income  0.791553868
volume  0.740696036
city    1.000000000
> 
> cor(data.frame(income = newfood$income, volume = newfood$volume ))
          income    volume
income 1.0000000 0.8086713
volume 0.8086713 1.0000000
> 
> proc.time()
   user  system elapsed 
  0.416   0.024   0.659 
