
R version 3.4.1 (2017-06-30) -- "Single Candle"
Copyright (C) 2017 The R Foundation for Statistical Computing
Platform: x86_64-pc-linux-gnu (64-bit)

R is free software and comes with ABSOLUTELY NO WARRANTY.
You are welcome to redistribute it under certain conditions.
Type 'license()' or 'licence()' for distribution details.

  Natural language support but running in an English locale

R is a collaborative project with many contributors.
Type 'contributors()' for more information and
'citation()' on how to cite R or R packages in publications.

Type 'demo()' for some demos, 'help()' for on-line help, or
'help.start()' for an HTML browser interface to help.
Type 'q()' to quit R.

[Previously saved workspace restored]

> newfood = data.frame(
+ sales=c(225,323,424,268,224,331,254,492,167,226,210,289,204,288,245,161,161,
+ 246,128,154,163,151,180,150),
+ price=c(24,24,24,24,24,24,24,24,29,29,29,29,29,29,29,29,34,34,34,34,34,34,34,34),
+ ad=c(0,0,1,1,0,0,1,1,0,0,1,1,0,0,1,1,0,0,1,1,0,0,1,1),
+ loc=c(0,0,0,0,1,1,1,1,0,0,0,0,1,1,1,1,0,0,0,0,1,1,1,1),
+ income=c(7.3,8.3,6.9,6.5,7.3,8.3,6.9,6.5,6.5,8.4,6.5,6.2,6.5,8.4,6.5,6.2,
+ 7.2,8.1,6.6,6.1,7.2,8.1,6.6,6.1),
+ volume=c(34,41,32,28,34,41,23,37,33,39,30,27,37,43,30,19,32,42,29,24,32,36,29,24),
+ city=c(3,4,1,2,3,4,1,2,3,4,1,2,3,4,1,2,3,4,1,2,3,4,1,2))
> 
> 
> # newfood
> # newfood[1:4,1:6]
> 
> attach(newfood)
> 
> fit = lm(sales ~ ad)
> summary(fit)

Call:
lm(formula = sales ~ ad)

Residuals:
    Min      1Q  Median      3Q     Max 
-118.25  -65.12   -1.50   27.00  245.75 

Coefficients:
            Estimate Std. Error t value Pr(>|t|)    
(Intercept)   225.75      26.22   8.609 1.71e-08 ***
ad             20.50      37.09   0.553    0.586    
---
Signif. codes:  0 ‘***’ 0.001 ‘**’ 0.01 ‘*’ 0.05 ‘.’ 0.1 ‘ ’ 1

Residual standard error: 90.84 on 22 degrees of freedom
Multiple R-squared:  0.0137,	Adjusted R-squared:  -0.03113 
F-statistic: 0.3056 on 1 and 22 DF,  p-value: 0.586

> abline(fit)
Error in int_abline(a = a, b = b, h = h, v = v, untf = untf, ...) : 
  plot.new has not been called yet
Calls: abline -> int_abline
Execution halted
